// Jest Snapshot v1, https://goo.gl/fbAQLP

exports[`<RouteInfo /> component should match the snapshot 1`] = `
<div
  className="route-info"
>
  <div
    className="route-info-item"
  >
    <div
      className="route-info-item-label"
    >
      Distance
      : 
    </div>
    <div
      className="route-info-item-value"
    >
       
    </div>
  </div>
  <div
    className="route-info-item"
  >
    <div
      className="route-info-item-label"
    >
      Time
      : 
    </div>
    <div
      className="route-info-item-value"
    >
       
    </div>
  </div>
</div>
`;
